
Running 1 test using 1 worker

Navigating to https://heroyik.github.io/holavoca/ ...
PAGE LOG: Failed to load resource: the server responded with a status of 404 (Not Found)
PAGE LOG: %cDownload the React DevTools for a better development experience: https://react.dev/link/react-devtools font-weight:bold
PAGE LOG: [HMR] connected
  ✘  1 e2e\verify-deployment.spec.ts:3:5 › Verify HolaVoca v1.1 Deployment (30.4s)


  1) e2e\verify-deployment.spec.ts:3:5 › Verify HolaVoca v1.1 Deployment ───────────────────────────

    Error: [2mexpect([22m[31mlocator[39m[2m).[22mtoBeVisible[2m([22m[2m)[22m failed

    Locator: locator('text=R.1.1.4')
    Expected: visible
    Timeout: 30000ms
    Error: element(s) not found

    Call log:
    [2m  - Expect "toBeVisible" with timeout 30000ms[22m
    [2m  - waiting for locator('text=R.1.1.4')[22m


      19 |     // Check for Revision tag "R.1.1.4"
      20 |     const revisionTag = page.locator('text=R.1.1.4');
    > 21 |     await expect(revisionTag).toBeVisible({ timeout: 30000 });
         |                               ^
      22 |     console.log('✅ Revision R.1.1.4 found.');
      23 |
      24 |     // 3. Check Leaderboard
        at C:\Users\heroy\proj\새 폴더\holavoca\e2e\verify-deployment.spec.ts:21:31

    Error Context: test-results\e2e-verify-deployment-Verify-HolaVoca-v1-1-Deployment\error-context.md

  1 failed
    e2e\verify-deployment.spec.ts:3:5 › Verify HolaVoca v1.1 Deployment ────────────────────────────
